// Jest Snapshot v1, https://goo.gl/fbAQLP

exports[`Main screen renders without crashing 1`] = `
<View
  style={
    Object {
      "flex": 1,
    }
  }
>
  <RCTScrollView
    contentContainerStyle={
      Object {
        "flexGrow": 1,
        "justifyContent": "space-between",
      }
    }
    contentInsetAdjustmentBehavior="automatic"
  >
    <View>
      <View
        style={
          Object {
            "flex": 1,
            "flexDirection": "column",
            "justifyContent": "space-between",
          }
        }
      >
        <View
          style={
            Object {
              "alignItems": "center",
              "paddingHorizontal": 30,
              "width": "100%",
            }
          }
        >
          <Text
            style={
              Object {
                "color": "#F3997B",
                "fontFamily": "Nunito-Black",
                "fontSize": 30,
                "paddingVertical": 30,
              }
            }
          >
            Hello Sunshine!
          </Text>
          <Text
            style={
              Object {
                "fontFamily": "Nunito-Black",
                "fontSize": 30,
                "textAlign": "center",
              }
            }
          >
            Can you please tell me the weather in Germany?
          </Text>
          <Text
            style={
              Object {
                "fontFamily": "Roboto-Regular",
                "fontSize": 16,
                "paddingBottom": 15,
                "paddingTop": 30,
              }
            }
          >
            Please enter a city
          </Text>
          <TextInput
            onChangeText={[Function]}
            style={
              Object {
                "borderWidth": 1,
                "height": 50,
                "width": "80%",
              }
            }
            textAlign="center"
          />
          <View
            accessible={true}
            collapsable={false}
            focusable={true}
            nativeID="animatedComponent"
            onClick={[Function]}
            onResponderGrant={[Function]}
            onResponderMove={[Function]}
            onResponderRelease={[Function]}
            onResponderTerminate={[Function]}
            onResponderTerminationRequest={[Function]}
            onStartShouldSetResponder={[Function]}
            style={
              Object {
                "alignItems": "center",
                "backgroundColor": "#F3997B",
                "borderRadius": 5,
                "marginVertical": 20,
                "opacity": 1,
                "padding": 15,
                "shadowOffset": Object {
                  "height": 20,
                  "width": 20,
                },
                "width": 200,
              }
            }
          >
            <Text
              style={
                Object {
                  "color": "#fff",
                  "fontFamily": "Roboto-Bold",
                  "fontSize": 12,
                }
              }
            >
              Have a look
            </Text>
          </View>
        </View>
        <View
          style={
            Object {
              "alignSelf": "flex-end",
              "height": 300,
              "overflow": "hidden",
              "width": 300,
            }
          }
        >
          <Image
            source={
              Object {
                "testUri": "../../../src/assets/images/taxi-design.png",
              }
            }
          />
        </View>
      </View>
    </View>
  </RCTScrollView>
</View>
`;
